[Logger] тестовое сообщение
[2026-08-20 18:54:38] [INFO] Информационное сообщение
[2026-08-20 18:54:38] [ERROR] Сообщение об ошибке
[2026-08-20 18:54:38] [DEBUG] Теперь DEBUG записывается
[2026-08-20 18:56:49] [INFO] Информационное сообщение
[2026-08-20 18:56:49] [ERROR] Сообщение об ошибке
[2026-08-20 18:56:49] [DEBUG] Теперь DEBUG записывается
